reduction: 1..12 13..24 {} {} {} {} {} {} {} {} {} {} {} {} {} {} {} {} {} {} {} {} {} {} {} {} 
reduction: 1..6 7..12 13..18 19..24 {} {} {} {} {} {} {} {} {} {} {} {} {} {} {} {} {} {} {} {} {} {} 
