pipeline: runs:   1..6 7..12 {} {} {} {} {} 
pipeline: runs:   {1,2,3,4,5,6,13} {7,8,9,10,11,12,14} {} {} {} {} {} 
pipeline: stages: 1..12 13..14 {} {} {} {} {} 
pipeline: stages: {1,2,3,4,7,8,9,10} {5,6,11,12,13,14} {} {} {} {} {} 
pipeline: stages: {1,2,3,4,7,8,9,10} {5,6,11,12} 13..14 {} {} {} {} 
pipeline: stages: {1,2,3,4,7,8,9,10} {5,6,11,12} {} {} {} {} {} 
pipeline: stages: {1,2,7,8} {3,4,5,6,9,10,11,12,13,14} {} {} {} {} {} 
pipeline: stages: {1,2,7,8} {3,4,5,6,9,10,11,12} 13..14 {} {} {} {} 
pipeline: stages: {1,2,7,8} {3,4,5,6,9,10,11,12} {} {} {} {} {} 
pipeline: stages: {1,2,7,8} {3,4,9,10} {5,6,11,12,13,14} {} {} {} {} 
pipeline: stages: {1,2,7,8} {3,4,9,10} {5,6,11,12} 13..14 {} {} {} 
pipeline: stages: {1,2,7,8} {3,4,9,10} {5,6,11,12} {} {} {} {} 
