reduction: 1..2 3..4 5..6 7..8 {} {} {} {} {} {} 
reduction: 1..4 5..8 {} {} {} {} {} {} {} {} 
