reduction: 1..2 4..5 7..8 10..11 13..14 {} {} {} {} {} {} {} {} {} {} {} 
reduction: 2..2 5..5 8..8 11..11 14..14 {} {} {} {} {} {} {} {} {} {} {} 
