tiled_map_reduction: final:   10..10
tiled_map_reduction: final:   9..9
tiled_map_reduction: final:   {}
tiled_map_reduction: map:     1..1 2..2 3..3 4..4 
tiled_map_reduction: partial: 5..5 6..6 {} {} 
tiled_map_reduction: partial: 7..7 8..8 {} {} 
tiled_map_reduction: partial: {} {} {} {} 
