pipeline: runs:   1..3 4..6 7..9 10..12 {} {} {} {} 
pipeline: runs:   1..3 4..6 7..9 10..12 {} {} {} {} 
pipeline: runs:   1..3 4..6 7..9 10..12 {} {} {} {} 
pipeline: runs:   1..6 7..12 {} {} {} {} {} {} 
pipeline: runs:   1..6 7..12 {} {} {} {} {} {} 
pipeline: runs:   1..6 7..12 {} {} {} {} {} {} 
pipeline: runs:   {1,2,3,13} {4,5,6,14} {7,8,9,15} {10,11,12,16} {} {} {} {} 
pipeline: runs:   {1,2,3,13} {4,5,6,14} {7,8,9,15} {10,11,12,16} {} {} {} {} 
pipeline: runs:   {1,2,3,13} {4,5,6,14} {7,8,9,15} {10,11,12,16} {} {} {} {} 
pipeline: runs:   {1,2,3,13} {4,5,6,14} {7,8,9,15} {10,11,12,16} {} {} {} {} 
pipeline: runs:   {1,2,3,13} {4,5,6,14} {7,8,9,15} {10,11,12,16} {} {} {} {} 
pipeline: runs:   {1,2,3,13} {4,5,6,14} {7,8,9,15} {10,11,12,16} {} {} {} {} 
pipeline: runs:   {1,2,3,13} {4,5,6,14} {7,8,9,15} {10,11,12,16} {} {} {} {} 
pipeline: runs:   {1,2,3,4,5,6,13,14} {7,8,9,10,11,12,15,16} {} {} {} {} {} {} 
pipeline: runs:   {1,2,3,4,5,6,13,14} {7,8,9,10,11,12,15,16} {} {} {} {} {} {} 
pipeline: runs:   {1,2,3,4,5,6,13,14} {7,8,9,10,11,12,15,16} {} {} {} {} {} {} 
pipeline: runs:   {1,2,3,4,5,6,13,14} {7,8,9,10,11,12,15,16} {} {} {} {} {} {} 
pipeline: runs:   {1,2,3,4,5,6,13,14} {7,8,9,10,11,12,15,16} {} {} {} {} {} {} 
pipeline: runs:   {1,2,3,4,5,6,13,14} {7,8,9,10,11,12,15,16} {} {} {} {} {} {} 
pipeline: runs:   {1,2,3,4,5,6,13,14} {7,8,9,10,11,12,15,16} {} {} {} {} {} {} 
pipeline: runs:   {1,2,3,4,5,6,13,14} {7,8,9,10,11,12,15,16} {} {} {} {} {} {} 
pipeline: runs:   {1,2,3,4,5,6,13,14} {7,8,9,10,11,12,15,16} {} {} {} {} {} {} 
pipeline: runs:   {1,2,3,4,5,6,13,14} {7,8,9,10,11,12,15,16} {} {} {} {} {} {} 
pipeline: runs:   {1,2,3,4,5,6,13,14} {7,8,9,10,11,12,15,16} {} {} {} {} {} {} 
pipeline: runs:   {1,2,3,4,5,6,13,14} {7,8,9,10,11,12,15,16} {} {} {} {} {} {} 
pipeline: runs:   {1,2,3,4,5,6,13,14} {7,8,9,10,11,12,15,16} {} {} {} {} {} {} 
pipeline: runs:   {1,2,3,4,5,6,13,14} {7,8,9,10,11,12,15,16} {} {} {} {} {} {} 
pipeline: runs:   {1,2,3,4,5,6,13,14} {7,8,9,10,11,12,15,16} {} {} {} {} {} {} 
pipeline: runs:   {1,2,3,4,5,6,13,14} {7,8,9,10,11,12,15,16} {} {} {} {} {} {} 
pipeline: runs:   {1,2,3,4,5,6,13,14} {7,8,9,10,11,12,15,16} {} {} {} {} {} {} 
pipeline: runs:   {1,2,3,4,5,6,13,14} {7,8,9,10,11,12,15,16} {} {} {} {} {} {} 
pipeline: runs:   {1,2,3,4,5,6,13,14} {7,8,9,10,11,12,15,16} {} {} {} {} {} {} 
pipeline: runs:   {1,2,3,4,5,6,13,14} {7,8,9,10,11,12,15,16} {} {} {} {} {} {} 
pipeline: runs:   {1,2,3,4,5,6,13,14} {7,8,9,10,11,12,15,16} {} {} {} {} {} {} 
pipeline: runs:   {1,2,3,4,5,6,13,14} {7,8,9,10,11,12,15,16} {} {} {} {} {} {} 
pipeline: runs:   {1,2,3,4,5,6,13,14} {7,8,9,10,11,12,15,16} {} {} {} {} {} {} 
pipeline: stages: 1..12 13..16 {} {} {} {} {} {} 
pipeline: stages: 1..12 13..16 {} {} {} {} {} {} 
pipeline: stages: {1,2,3,4,5,6,7,8,9,10,11,12,13,15} {14,16} {} {} {} {} {} {} 
pipeline: stages: {1,2,3,4,5,6,7,8,9,10,11,12,13,16} 14..15 {} {} {} {} {} {} 
pipeline: stages: {1,2,3,4,5,6,7,8,9,10,11,12,14,15} {13,16} {} {} {} {} {} {} 
pipeline: stages: {1,2,3,4,5,6,7,8,9,10,11,12,14,16} {13,15} {} {} {} {} {} {} 
pipeline: stages: {1,2,4,5,7,8,10,11} {3,6,9,12,13,14,15,16} {} {} {} {} {} {} 
pipeline: stages: {1,2,4,5,7,8,10,11} {3,6,9,12,13,14,15,16} {} {} {} {} {} {} 
pipeline: stages: {1,2,4,5,7,8,10,11} {3,6,9,12,13,15} {14,16} {} {} {} {} {} 
pipeline: stages: {1,2,4,5,7,8,10,11} {3,6,9,12,13,16} 14..15 {} {} {} {} {} 
pipeline: stages: {1,2,4,5,7,8,10,11} {3,6,9,12,14,15} {13,16} {} {} {} {} {} 
pipeline: stages: {1,2,4,5,7,8,10,11} {3,6,9,12,14,16} {13,15} {} {} {} {} {} 
pipeline: stages: {1,2,4,5,7,8,10,11} {3,6,9,12} 13..16 {} {} {} {} {} 
pipeline: stages: {1,2,4,5,7,8,10,11} {3,6,9,12} 13..16 {} {} {} {} {} 
pipeline: stages: {1,2,4,5,7,8,10,11} {3,6,9,12} {} {} {} {} {} {} 
pipeline: stages: {1,2,4,5,7,8,10,11} {3,6,9,12} {} {} {} {} {} {} 
pipeline: stages: {1,4,7,10} {2,3,5,6,8,9,11,12,13,14,15,16} {} {} {} {} {} {} 
pipeline: stages: {1,4,7,10} {2,3,5,6,8,9,11,12,13,14,15,16} {} {} {} {} {} {} 
pipeline: stages: {1,4,7,10} {2,3,5,6,8,9,11,12,13,15} {14,16} {} {} {} {} {} 
pipeline: stages: {1,4,7,10} {2,3,5,6,8,9,11,12,13,16} 14..15 {} {} {} {} {} 
pipeline: stages: {1,4,7,10} {2,3,5,6,8,9,11,12,14,15} {13,16} {} {} {} {} {} 
pipeline: stages: {1,4,7,10} {2,3,5,6,8,9,11,12,14,16} {13,15} {} {} {} {} {} 
pipeline: stages: {1,4,7,10} {2,3,5,6,8,9,11,12} 13..16 {} {} {} {} {} 
pipeline: stages: {1,4,7,10} {2,3,5,6,8,9,11,12} 13..16 {} {} {} {} {} 
pipeline: stages: {1,4,7,10} {2,3,5,6,8,9,11,12} {} {} {} {} {} {} 
pipeline: stages: {1,4,7,10} {2,3,5,6,8,9,11,12} {} {} {} {} {} {} 
pipeline: stages: {1,4,7,10} {2,5,8,11} {3,6,9,12,13,14,15,16} {} {} {} {} {} 
pipeline: stages: {1,4,7,10} {2,5,8,11} {3,6,9,12,13,14,15,16} {} {} {} {} {} 
pipeline: stages: {1,4,7,10} {2,5,8,11} {3,6,9,12,13,15} {14,16} {} {} {} {} 
pipeline: stages: {1,4,7,10} {2,5,8,11} {3,6,9,12,13,16} 14..15 {} {} {} {} 
pipeline: stages: {1,4,7,10} {2,5,8,11} {3,6,9,12,14,15} {13,16} {} {} {} {} 
pipeline: stages: {1,4,7,10} {2,5,8,11} {3,6,9,12,14,16} {13,15} {} {} {} {} 
pipeline: stages: {1,4,7,10} {2,5,8,11} {3,6,9,12} 13..16 {} {} {} {} 
pipeline: stages: {1,4,7,10} {2,5,8,11} {3,6,9,12} 13..16 {} {} {} {} 
pipeline: stages: {1,4,7,10} {2,5,8,11} {3,6,9,12} {} {} {} {} {} 
pipeline: stages: {1,4,7,10} {2,5,8,11} {3,6,9,12} {} {} {} {} {} 
